20.71 W, 7 %, 1973 MiB
22.41 W, 13 %, 2017 MiB
25.39 W, 10 %, 2043 MiB
21.16 W, 9 %, 2043 MiB
21.95 W, 10 %, 2008 MiB
22.21 W, 10 %, 2003 MiB
24.14 W, 14 %, 1995 MiB
21.88 W, 14 %, 1979 MiB
23.13 W, 14 %, 1990 MiB
25.33 W, 15 %, 1997 MiB
23.30 W, 11 %, 1993 MiB
21.64 W, 11 %, 1993 MiB
21.67 W, 10 %, 1992 MiB
22.18 W, 11 %, 2001 MiB
22.80 W, 10 %, 1997 MiB
22.60 W, 12 %, 2024 MiB
21.56 W, 10 %, 2023 MiB
22.32 W, 10 %, 2023 MiB
22.47 W, 11 %, 2010 MiB
21.82 W, 10 %, 2010 MiB
21.41 W, 10 %, 2006 MiB
22.22 W, 13 %, 1994 MiB
24.67 W, 10 %, 2008 MiB
22.35 W, 11 %, 2001 MiB
21.99 W, 11 %, 2001 MiB
22.91 W, 11 %, 2006 MiB
22.90 W, 12 %, 2009 MiB
22.81 W, 11 %, 2007 MiB
21.82 W, 10 %, 2001 MiB
22.41 W, 11 %, 2004 MiB
22.92 W, 11 %, 2006 MiB
22.43 W, 14 %, 2005 MiB
23.69 W, 11 %, 2009 MiB
23.56 W, 11 %, 2011 MiB
22.95 W, 11 %, 2006 MiB
22.27 W, 10 %, 2007 MiB
21.92 W, 10 %, 2008 MiB
23.96 W, 13 %, 2023 MiB
24.70 W, 12 %, 2021 MiB
23.02 W, 14 %, 2018 MiB
22.68 W, 10 %, 2001 MiB
22.84 W, 13 %, 2002 MiB
23.24 W, 11 %, 1989 MiB
22.86 W, 10 %, 2030 MiB
22.62 W, 11 %, 2042 MiB
23.12 W, 11 %, 2042 MiB
23.06 W, 13 %, 2038 MiB
22.99 W, 11 %, 2040 MiB
22.94 W, 16 %, 2007 MiB
24.64 W, 13 %, 2000 MiB
22.20 W, 11 %, 1996 MiB
22.31 W, 12 %, 2009 MiB
22.08 W, 11 %, 2011 MiB
22.73 W, 10 %, 1999 MiB
23.49 W, 11 %, 1998 MiB
22.35 W, 11 %, 1998 MiB
22.18 W, 11 %, 2002 MiB
22.68 W, 12 %, 2002 MiB
23.57 W, 12 %, 2000 MiB
22.40 W, 11 %, 2000 MiB
22.02 W, 11 %, 2002 MiB
22.58 W, 11 %, 2006 MiB
22.80 W, 10 %, 1999 MiB
21.98 W, 10 %, 2000 MiB
24.17 W, 10 %, 2006 MiB
24.83 W, 10 %, 2017 MiB
22.60 W, 11 %, 2036 MiB
22.62 W, 10 %, 2044 MiB
23.09 W, 11 %, 2046 MiB
22.53 W, 10 %, 2038 MiB
22.00 W, 10 %, 2020 MiB
23.63 W, 11 %, 2020 MiB
23.89 W, 12 %, 2036 MiB
22.20 W, 11 %, 2031 MiB
22.04 W, 10 %, 2019 MiB
22.95 W, 11 %, 2010 MiB
21.88 W, 11 %, 2008 MiB
24.15 W, 10 %, 2014 MiB
23.05 W, 10 %, 2019 MiB
22.30 W, 10 %, 2019 MiB
21.91 W, 11 %, 2001 MiB
22.42 W, 11 %, 2013 MiB
22.18 W, 10 %, 2015 MiB
22.02 W, 11 %, 2012 MiB
22.78 W, 13 %, 2010 MiB
22.25 W, 11 %, 2008 MiB
23.08 W, 12 %, 2015 MiB
24.84 W, 10 %, 2016 MiB
23.91 W, 15 %, 2061 MiB
23.20 W, 11 %, 2061 MiB
21.61 W, 11 %, 2033 MiB
21.59 W, 10 %, 2022 MiB
21.61 W, 11 %, 2023 MiB
23.04 W, 11 %, 2004 MiB
21.75 W, 10 %, 1995 MiB
21.41 W, 10 %, 1995 MiB
23.17 W, 13 %, 1996 MiB
21.48 W, 10 %, 1996 MiB
21.58 W, 11 %, 1998 MiB
23.20 W, 9 %, 1997 MiB
22.04 W, 10 %, 2001 MiB
23.19 W, 12 %, 2002 MiB
22.08 W, 16 %, 2011 MiB
24.86 W, 10 %, 2015 MiB
23.87 W, 12 %, 2007 MiB
22.60 W, 11 %, 2032 MiB
23.16 W, 12 %, 2030 MiB
22.35 W, 11 %, 2021 MiB
22.99 W, 11 %, 2011 MiB
23.16 W, 11 %, 2013 MiB
21.92 W, 10 %, 2011 MiB
22.34 W, 12 %, 2011 MiB
22.74 W, 11 %, 2011 MiB
22.96 W, 13 %, 2011 MiB
22.68 W, 11 %, 2007 MiB
21.86 W, 10 %, 2007 MiB
21.84 W, 10 %, 2007 MiB
22.75 W, 11 %, 2026 MiB
23.22 W, 13 %, 2036 MiB
24.58 W, 11 %, 2038 MiB
24.34 W, 12 %, 2068 MiB
23.11 W, 13 %, 2044 MiB
22.25 W, 11 %, 2035 MiB
24.70 W, 13 %, 2035 MiB
24.00 W, 12 %, 2035 MiB
22.68 W, 12 %, 1995 MiB
22.20 W, 10 %, 1999 MiB
23.44 W, 15 %, 1993 MiB
24.19 W, 13 %, 1993 MiB
23.08 W, 14 %, 1998 MiB
25.63 W, 10 %, 1998 MiB
21.98 W, 11 %, 2018 MiB
22.57 W, 11 %, 2007 MiB
22.82 W, 11 %, 2007 MiB
22.62 W, 14 %, 1997 MiB
23.09 W, 10 %, 1998 MiB
24.49 W, 11 %, 2010 MiB
22.80 W, 11 %, 2014 MiB
22.66 W, 11 %, 2011 MiB
22.38 W, 12 %, 2011 MiB
22.34 W, 11 %, 2007 MiB
24.37 W, 10 %, 2017 MiB
25.34 W, 10 %, 2063 MiB
23.77 W, 10 %, 2042 MiB
23.42 W, 12 %, 2037 MiB
24.83 W, 14 %, 2027 MiB
22.53 W, 11 %, 2027 MiB
24.69 W, 14 %, 2011 MiB
23.60 W, 13 %, 2008 MiB
22.84 W, 11 %, 2008 MiB
22.92 W, 10 %, 2003 MiB
21.96 W, 11 %, 2030 MiB
22.48 W, 10 %, 2008 MiB
22.30 W, 12 %, 2018 MiB
22.70 W, 11 %, 2014 MiB
21.97 W, 10 %, 2012 MiB
23.99 W, 14 %, 2012 MiB
23.53 W, 4 %, 2259 MiB
16.48 W, 0 %, 2254 MiB
16.27 W, 9 %, 2241 MiB
21.85 W, 8 %, 2268 MiB
21.65 W, 8 %, 2234 MiB
22.37 W, 7 %, 2196 MiB
22.24 W, 19 %, 2375 MiB
19.05 W, 9 %, 2368 MiB
23.45 W, 10 %, 2306 MiB
24.11 W, 10 %, 2237 MiB
23.61 W, 10 %, 2236 MiB
23.06 W, 9 %, 2173 MiB
23.18 W, 9 %, 2166 MiB
22.89 W, 10 %, 2167 MiB
23.82 W, 9 %, 2166 MiB
22.63 W, 9 %, 2166 MiB
23.56 W, 9 %, 2166 MiB
23.13 W, 10 %, 2167 MiB
21.32 W, 11 %, 2166 MiB
21.43 W, 10 %, 2166 MiB
21.32 W, 10 %, 2167 MiB
21.20 W, 8 %, 2100 MiB
21.55 W, 10 %, 2079 MiB
21.09 W, 10 %, 2070 MiB
21.34 W, 10 %, 2071 MiB
21.37 W, 10 %, 2220 MiB
19.92 W, 9 %, 2230 MiB
21.95 W, 8 %, 2203 MiB
22.15 W, 11 %, 2253 MiB
23.50 W, 12 %, 2246 MiB
23.21 W, 12 %, 2211 MiB
23.86 W, 12 %, 2161 MiB
22.41 W, 11 %, 2160 MiB
22.05 W, 11 %, 2139 MiB
22.39 W, 12 %, 2142 MiB
22.60 W, 12 %, 2140 MiB
22.25 W, 11 %, 2117 MiB
22.18 W, 11 %, 2119 MiB
22.40 W, 11 %, 2131 MiB
22.78 W, 12 %, 2132 MiB
22.79 W, 12 %, 2134 MiB
23.26 W, 13 %, 2078 MiB
22.65 W, 12 %, 2078 MiB
22.03 W, 12 %, 2078 MiB
21.82 W, 12 %, 2074 MiB
22.43 W, 12 %, 2072 MiB
22.42 W, 12 %, 2071 MiB
22.01 W, 15 %, 2066 MiB
22.50 W, 12 %, 2058 MiB
22.21 W, 12 %, 2058 MiB
23.69 W, 16 %, 2119 MiB
24.61 W, 12 %, 2141 MiB
22.74 W, 10 %, 2136 MiB
20.93 W, 10 %, 2122 MiB
21.01 W, 9 %, 2135 MiB
23.41 W, 12 %, 2165 MiB
24.42 W, 15 %, 2170 MiB
24.68 W, 16 %, 2143 MiB
24.29 W, 15 %, 2122 MiB
22.37 W, 12 %, 2104 MiB
22.19 W, 11 %, 2132 MiB
22.94 W, 11 %, 2098 MiB
23.25 W, 12 %, 2086 MiB
23.23 W, 11 %, 2057 MiB
23.30 W, 11 %, 2051 MiB
23.07 W, 11 %, 2049 MiB
22.35 W, 11 %, 2049 MiB
21.84 W, 11 %, 2048 MiB
21.87 W, 11 %, 2048 MiB
21.66 W, 11 %, 2045 MiB
21.83 W, 12 %, 2044 MiB
21.89 W, 12 %, 2044 MiB
21.86 W, 12 %, 2044 MiB
21.93 W, 12 %, 2037 MiB
21.92 W, 12 %, 2067 MiB
22.09 W, 11 %, 2070 MiB
22.27 W, 12 %, 2066 MiB
21.90 W, 13 %, 2066 MiB
21.85 W, 11 %, 2069 MiB
22.23 W, 12 %, 2069 MiB
21.93 W, 12 %, 2069 MiB
22.18 W, 12 %, 2069 MiB
21.80 W, 12 %, 2069 MiB
23.49 W, 13 %, 2142 MiB
23.45 W, 9 %, 2142 MiB
22.41 W, 9 %, 2123 MiB
21.74 W, 10 %, 2097 MiB
22.45 W, 10 %, 2096 MiB
22.68 W, 9 %, 2095 MiB
25.16 W, 12 %, 2467 MiB
19.88 W, 6 %, 2392 MiB
20.40 W, 9 %, 2321 MiB
20.25 W, 7 %, 2271 MiB
15.93 W, 3 %, 2242 MiB
17.30 W, 6 %, 2154 MiB
12.42 W, 0 %, 2118 MiB
16.82 W, 6 %, 2199 MiB
20.41 W, 24 %, 2323 MiB
23.78 W, 12 %, 2319 MiB
23.13 W, 8 %, 2298 MiB
20.28 W, 8 %, 2289 MiB
20.33 W, 7 %, 2287 MiB
20.52 W, 7 %, 2247 MiB
20.65 W, 7 %, 2238 MiB
20.69 W, 7 %, 2237 MiB
20.59 W, 7 %, 2237 MiB
20.72 W, 7 %, 2234 MiB
20.73 W, 7 %, 2234 MiB
20.60 W, 7 %, 2230 MiB
21.18 W, 15 %, 2235 MiB
22.88 W, 11 %, 2227 MiB
22.24 W, 10 %, 2214 MiB
21.95 W, 10 %, 2221 MiB
21.60 W, 11 %, 2221 MiB
21.92 W, 11 %, 2191 MiB
22.75 W, 11 %, 2192 MiB
22.62 W, 11 %, 2189 MiB
22.15 W, 11 %, 2188 MiB
23.03 W, 12 %, 2187 MiB
22.94 W, 10 %, 2076 MiB
22.03 W, 10 %, 2063 MiB
21.77 W, 10 %, 2060 MiB
21.94 W, 11 %, 2068 MiB
21.91 W, 10 %, 2062 MiB
21.96 W, 10 %, 2060 MiB
22.02 W, 10 %, 2071 MiB
22.45 W, 11 %, 2066 MiB
22.47 W, 9 %, 2058 MiB
21.55 W, 10 %, 2053 MiB
21.51 W, 11 %, 2049 MiB
21.96 W, 10 %, 2049 MiB
22.28 W, 10 %, 2048 MiB
21.64 W, 10 %, 2042 MiB
21.95 W, 11 %, 2051 MiB
22.98 W, 11 %, 2053 MiB
22.80 W, 12 %, 2053 MiB
22.31 W, 10 %, 2055 MiB
21.64 W, 10 %, 2053 MiB
22.23 W, 11 %, 2053 MiB
23.25 W, 11 %, 1959 MiB
22.39 W, 11 %, 1964 MiB
22.18 W, 10 %, 1972 MiB
21.15 W, 11 %, 1972 MiB
22.17 W, 10 %, 1971 MiB
21.81 W, 10 %, 1971 MiB
22.15 W, 10 %, 1967 MiB
22.08 W, 11 %, 1963 MiB
22.67 W, 10 %, 1963 MiB
21.74 W, 10 %, 1963 MiB
22.07 W, 14 %, 1960 MiB
22.76 W, 10 %, 1968 MiB
21.73 W, 8 %, 1978 MiB
22.66 W, 7 %, 2041 MiB
20.33 W, 8 %, 2044 MiB
20.42 W, 7 %, 2040 MiB
21.60 W, 16 %, 2085 MiB
20.55 W, 7 %, 2104 MiB
21.94 W, 4 %, 2100 MiB
20.75 W, 9 %, 2284 MiB
21.47 W, 9 %, 2227 MiB
21.81 W, 9 %, 2146 MiB
22.12 W, 9 %, 2144 MiB
21.03 W, 7 %, 2135 MiB
22.63 W, 10 %, 2016 MiB
22.18 W, 8 %, 1986 MiB
21.34 W, 9 %, 1989 MiB
21.24 W, 10 %, 1991 MiB
21.09 W, 10 %, 1780 MiB
22.76 W, 13 %, 1754 MiB
23.21 W, 10 %, 1829 MiB
21.01 W, 10 %, 1827 MiB
20.89 W, 9 %, 1809 MiB
20.79 W, 9 %, 1808 MiB
20.75 W, 9 %, 1808 MiB
20.76 W, 10 %, 1789 MiB
20.76 W, 9 %, 1791 MiB
20.62 W, 9 %, 1792 MiB
20.77 W, 10 %, 1795 MiB
20.83 W, 9 %, 1795 MiB
20.91 W, 10 %, 1794 MiB
21.00 W, 9 %, 1794 MiB
20.70 W, 9 %, 1796 MiB
20.89 W, 9 %, 1792 MiB
21.56 W, 15 %, 1865 MiB
23.33 W, 15 %, 1888 MiB
24.41 W, 12 %, 1859 MiB
21.99 W, 14 %, 1838 MiB
22.40 W, 16 %, 1843 MiB
23.02 W, 14 %, 1823 MiB
22.82 W, 15 %, 1812 MiB
22.92 W, 17 %, 1829 MiB
23.47 W, 11 %, 1830 MiB
21.98 W, 11 %, 1814 MiB
22.48 W, 16 %, 1815 MiB
22.83 W, 11 %, 1810 MiB
22.44 W, 12 %, 1812 MiB
23.55 W, 9 %, 1851 MiB
22.28 W, 9 %, 1847 MiB
22.94 W, 9 %, 1835 MiB
21.91 W, 9 %, 1835 MiB
20.88 W, 10 %, 1821 MiB
20.90 W, 10 %, 1810 MiB
20.82 W, 10 %, 1811 MiB
20.83 W, 10 %, 1811 MiB
20.89 W, 10 %, 1812 MiB
20.93 W, 10 %, 1812 MiB
20.73 W, 9 %, 1813 MiB
20.86 W, 10 %, 1813 MiB
20.63 W, 10 %, 1816 MiB
20.74 W, 10 %, 1814 MiB
21.08 W, 12 %, 1874 MiB
22.64 W, 12 %, 1896 MiB
22.07 W, 11 %, 1881 MiB
22.08 W, 12 %, 1861 MiB
22.27 W, 11 %, 1860 MiB
22.76 W, 14 %, 1866 MiB
24.37 W, 13 %, 1847 MiB
23.73 W, 15 %, 1863 MiB
22.20 W, 9 %, 1871 MiB
22.14 W, 9 %, 2054 MiB
20.67 W, 15 %, 2089 MiB
20.41 W, 9 %, 2055 MiB
17.39 W, 1 %, 2055 MiB
13.20 W, 0 %, 1992 MiB
15.70 W, 8 %, 1974 MiB
18.29 W, 0 %, 1980 MiB
12.94 W, 0 %, 1972 MiB
12.92 W, 0 %, 2002 MiB
14.35 W, 0 %, 2032 MiB
12.97 W, 0 %, 2032 MiB
12.76 W, 0 %, 1993 MiB
15.06 W, 8 %, 2037 MiB
21.92 W, 8 %, 2028 MiB
23.73 W, 8 %, 2022 MiB
22.74 W, 8 %, 2004 MiB
21.62 W, 9 %, 2001 MiB
20.34 W, 8 %, 2295 MiB
22.28 W, 9 %, 2354 MiB
21.49 W, 18 %, 2367 MiB
21.33 W, 10 %, 2376 MiB
20.53 W, 8 %, 2332 MiB
22.30 W, 9 %, 2087 MiB
20.79 W, 9 %, 2040 MiB
20.73 W, 9 %, 2031 MiB
20.80 W, 9 %, 2010 MiB
20.70 W, 9 %, 2003 MiB
20.81 W, 10 %, 1949 MiB
20.81 W, 9 %, 1949 MiB
20.81 W, 10 %, 1950 MiB
20.73 W, 10 %, 1949 MiB
20.75 W, 10 %, 1949 MiB
20.73 W, 10 %, 1949 MiB
20.77 W, 10 %, 1948 MiB
20.77 W, 10 %, 1946 MiB
20.87 W, 10 %, 1946 MiB
20.75 W, 10 %, 1946 MiB
20.83 W, 10 %, 1946 MiB
20.83 W, 9 %, 1946 MiB
20.78 W, 10 %, 1946 MiB
20.87 W, 10 %, 1946 MiB
20.77 W, 10 %, 1946 MiB
20.79 W, 9 %, 1947 MiB
20.58 W, 10 %, 1949 MiB
20.76 W, 9 %, 1950 MiB
23.16 W, 17 %, 2007 MiB
23.90 W, 17 %, 2007 MiB
23.63 W, 17 %, 1984 MiB
23.21 W, 16 %, 1971 MiB
23.38 W, 18 %, 2010 MiB
24.88 W, 9 %, 2032 MiB
21.18 W, 3 %, 2182 MiB
21.24 W, 8 %, 2158 MiB
23.14 W, 8 %, 2097 MiB
21.73 W, 9 %, 2096 MiB
21.57 W, 9 %, 2078 MiB
21.34 W, 9 %, 2039 MiB
22.36 W, 8 %, 1922 MiB
23.35 W, 13 %, 1950 MiB
20.94 W, 9 %, 1955 MiB
23.18 W, 17 %, 1979 MiB
21.31 W, 9 %, 1975 MiB
23.82 W, 9 %, 1946 MiB
23.81 W, 9 %, 1941 MiB
23.21 W, 9 %, 1941 MiB
22.19 W, 10 %, 1904 MiB
22.25 W, 10 %, 1896 MiB
22.27 W, 10 %, 1896 MiB
22.31 W, 10 %, 1904 MiB
22.24 W, 10 %, 1903 MiB
22.29 W, 10 %, 1905 MiB
22.49 W, 11 %, 1905 MiB
22.45 W, 11 %, 1905 MiB
22.39 W, 10 %, 1905 MiB
22.32 W, 10 %, 1905 MiB
22.46 W, 11 %, 1831 MiB
22.46 W, 11 %, 1813 MiB
22.38 W, 11 %, 1813 MiB
22.50 W, 10 %, 1813 MiB
22.42 W, 10 %, 1813 MiB
22.29 W, 11 %, 1814 MiB
22.22 W, 11 %, 1814 MiB
22.49 W, 11 %, 1814 MiB
22.54 W, 10 %, 1813 MiB
22.46 W, 11 %, 1814 MiB
22.44 W, 11 %, 1814 MiB
22.42 W, 10 %, 1810 MiB
22.56 W, 10 %, 1804 MiB
22.39 W, 10 %, 1804 MiB
22.37 W, 11 %, 1804 MiB
22.35 W, 10 %, 1804 MiB
22.45 W, 10 %, 1804 MiB
22.47 W, 11 %, 1804 MiB
22.47 W, 11 %, 1804 MiB
22.53 W, 10 %, 1804 MiB
22.58 W, 11 %, 1804 MiB
22.47 W, 10 %, 1804 MiB
22.31 W, 10 %, 1804 MiB
22.46 W, 10 %, 1804 MiB
22.37 W, 10 %, 1804 MiB
22.68 W, 11 %, 1804 MiB
22.53 W, 11 %, 1805 MiB
22.60 W, 11 %, 1806 MiB
22.44 W, 10 %, 1807 MiB
22.53 W, 10 %, 1805 MiB
22.57 W, 10 %, 1805 MiB
23.57 W, 10 %, 1808 MiB
23.63 W, 10 %, 1808 MiB
24.04 W, 10 %, 1806 MiB
24.56 W, 15 %, 1898 MiB
20.74 W, 9 %, 1908 MiB
21.02 W, 9 %, 1891 MiB
21.05 W, 9 %, 1953 MiB
21.76 W, 8 %, 2167 MiB
21.93 W, 16 %, 2195 MiB
24.72 W, 11 %, 2209 MiB
28.43 W, 11 %, 2235 MiB
29.32 W, 92 %, 2216 MiB
29.28 W, 11 %, 2172 MiB
23.49 W, 9 %, 2145 MiB
16.17 W, 3 %, 2127 MiB
15.33 W, 2 %, 2127 MiB
15.04 W, 3 %, 2125 MiB
15.00 W, 3 %, 2117 MiB
14.57 W, 2 %, 2099 MiB
16.68 W, 4 %, 2113 MiB
21.62 W, 6 %, 2187 MiB
15.67 W, 3 %, 2145 MiB
14.99 W, 2 %, 2136 MiB
15.03 W, 2 %, 2134 MiB
14.67 W, 2 %, 2129 MiB
14.79 W, 2 %, 1901 MiB
14.62 W, 3 %, 1912 MiB
14.87 W, 2 %, 1912 MiB
15.08 W, 2 %, 1909 MiB
22.08 W, 14 %, 2236 MiB
18.15 W, 14 %, 2218 MiB
18.02 W, 2 %, 2208 MiB
14.81 W, 2 %, 2201 MiB
14.66 W, 2 %, 2202 MiB
14.55 W, 2 %, 2167 MiB
14.56 W, 2 %, 2167 MiB
14.42 W, 2 %, 2167 MiB
14.59 W, 1 %, 2167 MiB
14.54 W, 2 %, 2167 MiB
14.46 W, 2 %, 2168 MiB
14.63 W, 2 %, 2160 MiB
14.74 W, 2 %, 2160 MiB
14.75 W, 2 %, 2157 MiB
14.39 W, 0 %, 2161 MiB
13.36 W, 2 %, 2090 MiB
14.81 W, 2 %, 2083 MiB
15.62 W, 2 %, 2079 MiB
14.48 W, 2 %, 2079 MiB
14.54 W, 2 %, 2079 MiB
14.79 W, 2 %, 2074 MiB
14.51 W, 2 %, 2074 MiB
13.53 W, 0 %, 2076 MiB
13.13 W, 2 %, 2082 MiB
14.64 W, 2 %, 2082 MiB
14.25 W, 2 %, 2081 MiB
14.46 W, 2 %, 2077 MiB
12.75 W, 1 %, 2077 MiB
14.41 W, 2 %, 2077 MiB
14.40 W, 2 %, 2076 MiB
14.53 W, 2 %, 2077 MiB
12.53 W, 0 %, 2076 MiB
12.52 W, 0 %, 2105 MiB
16.48 W, 2 %, 2107 MiB
14.85 W, 2 %, 2106 MiB
13.76 W, 0 %, 2085 MiB
13.87 W, 2 %, 2085 MiB
14.59 W, 2 %, 2085 MiB
14.62 W, 2 %, 2080 MiB
14.68 W, 2 %, 2081 MiB
14.74 W, 2 %, 2080 MiB
14.82 W, 2 %, 2078 MiB
14.57 W, 2 %, 2064 MiB
14.70 W, 2 %, 2065 MiB
14.66 W, 2 %, 2064 MiB
14.40 W, 2 %, 2064 MiB
14.64 W, 3 %, 2074 MiB
16.08 W, 3 %, 2078 MiB
15.58 W, 2 %, 2077 MiB
14.54 W, 2 %, 2078 MiB
15.55 W, 3 %, 2075 MiB
14.97 W, 3 %, 2075 MiB
15.16 W, 2 %, 2075 MiB
14.96 W, 3 %, 2075 MiB
17.58 W, 3 %, 2076 MiB
16.38 W, 2 %, 2076 MiB
14.58 W, 2 %, 2076 MiB
14.63 W, 2 %, 2076 MiB
15.99 W, 2 %, 2076 MiB
14.70 W, 2 %, 2076 MiB
15.64 W, 2 %, 2076 MiB
15.74 W, 5 %, 2078 MiB
15.59 W, 7 %, 2078 MiB
18.15 W, 3 %, 2078 MiB
15.50 W, 2 %, 2078 MiB
14.72 W, 2 %, 2080 MiB
18.66 W, 4 %, 2207 MiB
20.36 W, 8 %, 2181 MiB
22.83 W, 8 %, 2176 MiB
25.01 W, 33 %, 2173 MiB
24.46 W, 9 %, 2168 MiB
22.20 W, 9 %, 2121 MiB
20.78 W, 8 %, 2116 MiB
20.61 W, 9 %, 2117 MiB
17.96 W, 0 %, 2120 MiB
14.50 W, 4 %, 2118 MiB
16.45 W, 5 %, 2225 MiB
23.91 W, 10 %, 2229 MiB
19.40 W, 7 %, 2494 MiB
20.99 W, 6 %, 2641 MiB
20.29 W, 9 %, 2642 MiB
17.43 W, 0 %, 2645 MiB
13.95 W, 1 %, 2645 MiB
12.28 W, 0 %, 2631 MiB
12.16 W, 0 %, 2631 MiB
12.06 W, 0 %, 2416 MiB
12.07 W, 1 %, 2408 MiB
12.05 W, 0 %, 2408 MiB
12.11 W, 0 %, 2391 MiB
12.42 W, 2 %, 2361 MiB
12.35 W, 2 %, 2361 MiB
12.48 W, 0 %, 2361 MiB
12.09 W, 0 %, 2359 MiB
12.74 W, 1 %, 2361 MiB
12.45 W, 1 %, 2362 MiB
12.58 W, 1 %, 2367 MiB
12.70 W, 1 %, 2366 MiB
12.55 W, 1 %, 2369 MiB
12.61 W, 1 %, 2367 MiB
12.21 W, 2 %, 2364 MiB
13.32 W, 10 %, 2520 MiB
18.99 W, 7 %, 2519 MiB
20.07 W, 7 %, 2537 MiB
19.67 W, 6 %, 2538 MiB
17.17 W, 1 %, 2529 MiB
13.33 W, 7 %, 2537 MiB
13.26 W, 1 %, 2545 MiB
12.98 W, 2 %, 2541 MiB
12.95 W, 7 %, 2538 MiB
12.36 W, 1 %, 2532 MiB
12.29 W, 1 %, 2468 MiB
13.00 W, 2 %, 2455 MiB
12.24 W, 0 %, 2536 MiB
13.36 W, 8 %, 2594 MiB
19.74 W, 8 %, 2590 MiB
16.04 W, 0 %, 2590 MiB
13.30 W, 0 %, 2372 MiB
11.75 W, 0 %, 2367 MiB
12.00 W, 1 %, 2364 MiB
12.25 W, 0 %, 2351 MiB
12.05 W, 0 %, 2340 MiB
12.17 W, 0 %, 2334 MiB
12.17 W, 0 %, 2324 MiB
12.46 W, 0 %, 1948 MiB
12.31 W, 0 %, 1967 MiB
14.65 W, 7 %, 2039 MiB
15.33 W, 9 %, 2269 MiB
17.36 W, 4 %, 2275 MiB
19.03 W, 9 %, 2135 MiB
16.32 W, 1 %, 2073 MiB
20.69 W, 8 %, 2105 MiB
20.27 W, 7 %, 2105 MiB
19.63 W, 8 %, 2095 MiB
19.62 W, 7 %, 2093 MiB
19.53 W, 7 %, 2091 MiB
19.90 W, 7 %, 2053 MiB
20.65 W, 7 %, 2055 MiB
21.20 W, 8 %, 2049 MiB
20.32 W, 7 %, 2047 MiB
20.64 W, 12 %, 2076 MiB
23.03 W, 9 %, 2075 MiB
21.68 W, 8 %, 2074 MiB
24.05 W, 11 %, 2057 MiB
20.77 W, 8 %, 2062 MiB
17.73 W, 0 %, 2045 MiB
13.37 W, 0 %, 2040 MiB
13.22 W, 0 %, 2034 MiB
12.86 W, 0 %, 2023 MiB
13.41 W, 4 %, 2010 MiB
13.42 W, 0 %, 1988 MiB
13.14 W, 0 %, 1988 MiB
13.04 W, 1 %, 1988 MiB
12.93 W, 0 %, 1988 MiB
13.20 W, 3 %, 1988 MiB
13.18 W, 0 %, 1985 MiB
12.82 W, 0 %, 1986 MiB
12.64 W, 0 %, 1985 MiB
12.96 W, 1 %, 1985 MiB
13.55 W, 1 %, 1983 MiB
13.50 W, 6 %, 2095 MiB
18.58 W, 7 %, 2086 MiB
19.47 W, 7 %, 1996 MiB
19.46 W, 7 %, 1990 MiB
19.46 W, 7 %, 1990 MiB
19.43 W, 7 %, 1987 MiB
19.35 W, 7 %, 1988 MiB
19.42 W, 7 %, 1988 MiB
19.45 W, 8 %, 2006 MiB
20.37 W, 7 %, 2084 MiB
20.98 W, 8 %, 2075 MiB
20.02 W, 7 %, 2074 MiB
19.58 W, 7 %, 2075 MiB
20.00 W, 8 %, 2061 MiB
20.73 W, 7 %, 2060 MiB
20.81 W, 8 %, 2060 MiB
20.41 W, 8 %, 2045 MiB
19.69 W, 7 %, 1985 MiB
20.38 W, 7 %, 2060 MiB
20.47 W, 7 %, 2060 MiB
20.34 W, 7 %, 2059 MiB
20.83 W, 7 %, 2059 MiB
20.38 W, 7 %, 2058 MiB
20.30 W, 7 %, 2057 MiB
20.50 W, 8 %, 2058 MiB
20.62 W, 7 %, 2058 MiB
20.93 W, 7 %, 2058 MiB
20.29 W, 7 %, 2052 MiB
20.52 W, 7 %, 2066 MiB
20.93 W, 7 %, 2067 MiB
20.37 W, 8 %, 2070 MiB
20.66 W, 7 %, 2055 MiB
